\BOOKMARK [1][]{section.1}{\376\377\116\000\060\001\000\040\225\356\230\230\221\315\217\360}{}% 1
\BOOKMARK [2][]{subsection.1.1}{\376\377\0001\000.\0001\000\040\225\356\230\230\200\314\146\157}{section.1}% 2
\BOOKMARK [2][]{subsection.1.2}{\376\377\0001\000.\0002\000\040\135\362\167\345\147\141\116\366}{section.1}% 3
\BOOKMARK [2][]{subsection.1.3}{\376\377\0001\000.\0003\000\040\227\000\211\201\211\343\121\263\166\204\225\356\230\230}{section.1}% 4
\BOOKMARK [1][]{section.2}{\376\377\116\214\060\001\000\040\225\356\230\230\122\006\147\220}{}% 5
\BOOKMARK [2][]{subsection.2.1}{\376\377\0002\000.\0001\000\040\140\073\117\123\140\035\215\357}{section.2}% 6
\BOOKMARK [2][]{subsection.2.2}{\376\377\0002\000.\0002\000\040\124\004\225\356\230\230\166\204\135\356\137\002\116\016\121\163\225\056\226\276\160\271}{section.2}% 7
\BOOKMARK [1][]{section.3}{\376\377\116\011\060\001\000\040\152\041\127\213\120\107\213\276}{}% 8
\BOOKMARK [1][]{section.4}{\376\377\126\333\060\001\000\040\173\046\123\367\213\364\146\016}{}% 9
\BOOKMARK [1][]{section.5}{\376\377\116\224\060\001\000\040\152\041\127\213\136\372\172\313\116\016\154\102\211\343}{}% 10
\BOOKMARK [2][]{subsection.5.1}{\376\377\0005\000.\0001\000\040\225\356\230\230\116\000\377\032\230\204\160\355\136\163\210\141\226\066\153\265\166\204\160\355\215\050\200\046\124\010\152\041\127\213}{section.5}% 11
\BOOKMARK [3][]{subsubsection.5.1.1}{\376\377\0005\000.\0001\000.\0001\000\040\143\247\122\066\145\271\172\013}{subsection.5.1}% 12
\BOOKMARK [3][]{subsubsection.5.1.2}{\376\377\0005\000.\0001\000.\0002\000\040\133\232\211\343\147\141\116\366}{subsection.5.1}% 13
\BOOKMARK [3][]{subsubsection.5.1.3}{\376\377\0005\000.\0001\000.\0003\000\040\162\151\140\047\116\016\123\302\145\160\377\010\225\356\230\230\116\000\377\011}{subsection.5.1}% 14
\BOOKMARK [3][]{subsubsection.5.1.4}{\376\377\0005\000.\0001\000.\0004\000\040\221\317\176\262\116\016\123\302\145\160\122\006\147\220}{subsection.5.1}% 15
\BOOKMARK [3][]{subsubsection.5.1.5}{\376\377\0005\000.\0001\000.\0005\000\040\145\160\120\074\145\271\154\325}{subsection.5.1}% 16
\BOOKMARK [3][]{subsubsection.5.1.6}{\376\377\0005\000.\0001\000.\0006\000\040\176\323\147\234}{subsection.5.1}% 17
\BOOKMARK [2][]{subsection.5.2}{\376\377\0005\000.\0002\000\040\225\356\230\230\116\214\377\032\121\150\217\307\172\013\136\162\161\345\152\041\127\213}{section.5}% 18
\BOOKMARK [3][]{subsubsection.5.2.1}{\376\377\0005\000.\0002\000.\0001\000\040\162\151\140\047\166\204\123\330\123\026}{subsection.5.2}% 19
\BOOKMARK [3][]{subsubsection.5.2.2}{\376\377\0005\000.\0002\000.\0002\000\040\116\011\176\364\136\372\152\041\166\204\143\250\217\333\217\307\172\013\377\010\147\054\145\207\147\000\147\011\116\367\120\074\166\204\116\000\153\145\377\011}{subsection.5.2}% 20
\BOOKMARK [3][]{subsubsection.5.2.3}{\376\377\0005\000.\0002\000.\0003\000\040\171\373\122\250\217\271\165\114\166\204\131\004\164\006}{subsection.5.2}% 21
\BOOKMARK [3][]{subsubsection.5.2.4}{\376\377\0005\000.\0002\000.\0004\000\040\000\040\166\204\150\007\133\232}{subsection.5.2}% 22
\BOOKMARK [3][]{subsubsection.5.2.5}{\376\377\0005\000.\0002\000.\0005\000\040\176\323\147\234}{subsection.5.2}% 23
\BOOKMARK [2][]{subsection.5.3}{\376\377\0005\000.\0003\000\040\225\356\230\230\116\011\377\032\160\330\136\162\145\366\225\177}{section.5}% 24
\BOOKMARK [3][]{subsubsection.5.3.1}{\376\377\0005\000.\0003\000.\0001\000\040\122\044\143\156\166\204\220\011\142\351}{subsection.5.3}% 25
\BOOKMARK [3][]{subsubsection.5.3.2}{\376\377\0005\000.\0003\000.\0002\000\040\176\323\147\234}{subsection.5.3}% 26
\BOOKMARK [2][]{subsection.5.4}{\376\377\0005\000.\0004\000\040\225\356\230\230\126\333\377\032\124\053\134\072\133\370\123\330\123\026\166\204\136\162\161\345\152\041\127\213}{section.5}% 27
\BOOKMARK [1][]{section.6}{\376\377\121\155\060\001\000\040\152\041\127\213\166\204\150\300\232\214}{}% 28
\BOOKMARK [2][]{subsection.6.1}{\376\377\0006\000.\0001\000\040\177\121\150\074\116\016\145\366\225\364\153\145\145\340\121\163\140\047}{section.6}% 29
\BOOKMARK [2][]{subsection.6.2}{\376\377\0006\000.\0002\000\040\116\016\133\236\155\113\123\112\137\204\166\204\131\026\220\350\232\214\213\301}{section.6}% 30
\BOOKMARK [2][]{subsection.6.3}{\376\377\0006\000.\0003\000\040\160\165\145\117\136\246\122\006\147\220}{section.6}% 31
\BOOKMARK [1][]{section.7}{\376\377\116\003\060\001\000\040\152\041\127\213\166\204\213\304\116\367\116\016\143\250\136\177}{}% 32
\BOOKMARK [2][]{subsection.7.1}{\376\377\0007\000.\0001\000\040\117\030\160\271}{section.7}% 33
\BOOKMARK [2][]{subsection.7.2}{\376\377\0007\000.\0002\000\040\177\072\160\271}{section.7}% 34
\BOOKMARK [2][]{subsection.7.3}{\376\377\0007\000.\0003\000\040\145\071\217\333\145\271\124\021}{section.7}% 35
\BOOKMARK [2][]{subsection.7.4}{\376\377\0007\000.\0004\000\040\143\250\136\177}{section.7}% 36
\BOOKMARK [1][]{section*.19}{\376\377\123\302\200\003\145\207\163\056}{}% 37
\BOOKMARK [1][]{appendix.A}{\376\377\000A\000\040\145\057\144\221\147\120\145\231\145\207\116\366\122\027\210\150}{}% 38
\BOOKMARK [1][]{appendix.B}{\376\377\000B\000\040\150\070\137\303\116\343\170\001}{}% 39
